2026-02-12 10:50:50 [INFO] - Start Application
2026-02-12 10:51:02 [INFO] - Start analysis
2026-02-12 10:51:02 [INFO] - Draw by station_id
2026-02-12 10:51:02 [INFO] - Run mode compare
2026-02-12 10:51:04 [INFO] - Completed Analyze
2026-02-12 10:52:23 [INFO] - Start analysis
2026-02-12 10:52:23 [INFO] - Draw by station_id
2026-02-12 10:52:23 [INFO] - Run mode correlation
2026-02-12 10:52:28 [INFO] - Completed Analyze
2026-02-12 10:55:08 [INFO] - Start Application
2026-02-12 10:55:23 [INFO] - Start analysis
2026-02-12 10:55:23 [INFO] - Draw by station_id
2026-02-12 10:55:23 [INFO] - Run mode compare
2026-02-12 10:55:26 [INFO] - Completed Analyze
2026-02-12 11:00:17 [INFO] - Start Application
2026-02-12 11:00:29 [INFO] - Start analysis
2026-02-12 11:00:29 [INFO] - Draw by station_id
2026-02-12 11:00:30 [INFO] - Run mode compare
2026-02-12 11:00:32 [INFO] - Completed Analyze
2026-02-12 11:01:18 [INFO] - Start analysis
2026-02-12 11:01:18 [INFO] - Draw by dut_id
2026-02-12 11:01:18 [INFO] - Run mode compare
2026-02-12 11:01:20 [INFO] - Completed Analyze
2026-02-12 11:01:47 [INFO] - Start analysis
2026-02-12 11:01:47 [INFO] - Draw by dut_id
2026-02-12 11:01:47 [INFO] - Run mode compare
2026-02-12 11:01:49 [INFO] - Completed Analyze
2026-02-12 11:03:31 [INFO] - Start analysis
2026-02-12 11:03:31 [INFO] - Draw by dut_id
2026-02-12 11:03:32 [INFO] - Run mode compare
2026-02-12 11:03:34 [INFO] - Completed Analyze
2026-02-12 11:10:58 [INFO] - Export PDF completed
2026-02-12 11:12:10 [INFO] - Now you are master chef
2026-02-12 13:12:12 [INFO] - Start Application
2026-02-12 13:12:49 [INFO] - Start analysis
2026-02-12 13:12:49 [INFO] - Draw by station_id
2026-02-12 13:12:50 [INFO] - Run mode compare
2026-02-12 13:12:54 [INFO] - Completed Analyze
2026-02-12 13:54:49 [INFO] - Start Application
2026-02-12 13:55:08 [INFO] - Start analysis
2026-02-12 13:55:08 [INFO] - Draw by station_id
2026-02-12 13:55:08 [INFO] - Run mode compare
2026-02-12 13:55:13 [INFO] - Completed Analyze
2026-02-12 14:00:33 [INFO] - Start Application
2026-02-12 14:01:31 [INFO] - Start Application
2026-02-12 14:02:18 [INFO] - Start Application
2026-02-12 14:02:54 [INFO] - Start Application
2026-02-12 14:03:16 [INFO] - Start Application
2026-02-12 14:04:06 [INFO] - Start Application
2026-02-12 14:04:53 [INFO] - Start Application
2026-02-12 15:21:50 [INFO] - Start Application
2026-02-12 15:21:59 [INFO] - Start analysis
2026-02-12 15:21:59 [INFO] - Draw by station_id
2026-02-12 15:23:48 [INFO] - Start Application
2026-02-12 15:23:59 [INFO] - Start analysis
2026-02-12 15:23:59 [INFO] - Draw by station_id
2026-02-12 15:24:00 [INFO] - Run mode compare
2026-02-12 15:24:02 [INFO] - Completed Analyze
2026-02-12 15:25:49 [INFO] - Start Application
2026-02-12 15:25:58 [INFO] - Start analysis
2026-02-12 15:25:58 [INFO] - Draw by station_id
2026-02-12 15:25:58 [INFO] - Run mode compare
2026-02-12 15:26:01 [INFO] - Completed Analyze
2026-02-12 15:26:57 [INFO] - Start Application
2026-02-12 15:27:08 [INFO] - Start analysis
2026-02-12 15:27:08 [INFO] - Draw by station_id
2026-02-12 15:27:08 [INFO] - Run mode compare
2026-02-12 15:27:11 [INFO] - Completed Analyze
2026-02-12 15:52:53 [INFO] - Start Application
2026-02-12 15:53:08 [INFO] - Start analysis
2026-02-12 15:53:08 [INFO] - Draw by station_id
2026-02-12 15:53:08 [INFO] - Run mode compare
2026-02-12 15:53:11 [INFO] - Completed Analyze
2026-02-12 15:56:03 [INFO] - Start Application
2026-02-12 15:56:12 [INFO] - Start analysis
2026-02-12 15:56:12 [INFO] - Draw by station_id
2026-02-12 15:56:13 [INFO] - Run mode compare
2026-02-12 15:56:15 [INFO] - Completed Analyze
2026-02-12 15:59:21 [INFO] - Start analysis
2026-02-12 15:59:21 [INFO] - Draw by station_id
2026-02-12 15:59:21 [INFO] - Run mode correlation
2026-02-12 15:59:26 [INFO] - Completed Analyze
2026-02-12 16:06:42 [INFO] - Start Application
2026-02-12 16:06:51 [INFO] - Start analysis
2026-02-12 16:06:51 [INFO] - Draw by station_id
2026-02-12 16:06:51 [INFO] - Run mode compare
2026-02-12 16:06:54 [INFO] - Completed Analyze
2026-02-12 16:07:39 [INFO] - Start Application
2026-02-12 16:07:50 [INFO] - Start analysis
2026-02-12 16:07:50 [INFO] - Draw by station_id
2026-02-12 16:07:50 [INFO] - Run mode compare
2026-02-12 16:07:53 [INFO] - Completed Analyze
2026-02-12 16:08:48 [INFO] - Start Application
2026-02-12 16:09:19 [INFO] - Start analysis
2026-02-12 16:09:19 [INFO] - Draw by station_id
2026-02-12 16:09:19 [INFO] - Run mode compare
2026-02-12 16:09:22 [INFO] - Completed Analyze
2026-02-12 16:11:51 [INFO] - Start Application
2026-02-12 16:12:07 [INFO] - Start analysis
2026-02-12 16:12:07 [INFO] - Draw by station_id
2026-02-12 16:12:07 [INFO] - Run mode compare
2026-02-12 16:12:10 [INFO] - Completed Analyze
2026-02-12 16:16:26 [INFO] - Start Application
2026-02-12 16:16:36 [INFO] - Start analysis
2026-02-12 16:16:36 [INFO] - Draw by station_id
2026-02-12 16:16:37 [INFO] - Run mode compare
2026-02-12 16:16:39 [INFO] - Completed Analyze
2026-02-12 16:18:53 [INFO] - Start Application
2026-02-12 16:19:04 [INFO] - Start analysis
2026-02-12 16:19:04 [INFO] - Draw by station_id
2026-02-12 16:19:04 [INFO] - Run mode compare
2026-02-12 16:19:06 [INFO] - Completed Analyze
2026-02-12 16:19:36 [INFO] - Run mode compare
2026-02-12 16:19:38 [INFO] - Completed Analyze
2026-02-12 16:20:31 [INFO] - Start analysis
2026-02-12 16:20:31 [INFO] - Draw by station_id
2026-02-12 16:20:31 [INFO] - Run mode correlation
2026-02-12 16:20:36 [INFO] - Completed Analyze
2026-02-12 16:23:16 [INFO] - Start Application
2026-02-12 16:23:46 [INFO] - Start Application
2026-02-12 16:23:55 [INFO] - Start Application
2026-02-12 16:24:12 [INFO] - Start analysis
2026-02-12 16:24:12 [INFO] - Draw by station_id
2026-02-12 16:24:12 [INFO] - Run mode compare
2026-02-12 16:24:15 [INFO] - Completed Analyze
2026-02-12 16:24:58 [INFO] - Start Application
2026-02-12 16:26:08 [INFO] - Start Application
2026-02-12 16:26:29 [INFO] - Start analysis
2026-02-12 16:26:29 [INFO] - Draw by station_id
2026-02-12 16:26:29 [INFO] - Run mode compare
2026-02-12 16:26:31 [INFO] - Completed Analyze
2026-02-12 16:26:55 [INFO] - Start Application
2026-02-12 16:27:10 [INFO] - Start analysis
2026-02-12 16:27:10 [INFO] - Draw by station_id
2026-02-12 16:27:11 [INFO] - Run mode compare
2026-02-12 16:27:13 [INFO] - Completed Analyze
2026-02-12 16:27:36 [INFO] - Start Application
2026-02-12 16:27:50 [INFO] - Start analysis
2026-02-12 16:27:50 [INFO] - Draw by station_id
2026-02-12 16:27:50 [INFO] - Run mode compare
2026-02-12 16:27:53 [INFO] - Completed Analyze
2026-02-12 16:35:20 [INFO] - Start Application
2026-02-12 16:35:32 [INFO] - Start analysis
2026-02-12 16:35:32 [INFO] - Draw by station_id
2026-02-12 16:35:32 [INFO] - Run mode compare
2026-02-12 16:35:35 [INFO] - Completed Analyze
2026-02-12 16:37:07 [INFO] - Run mode compare
2026-02-12 16:37:10 [INFO] - Completed Analyze
2026-02-12 16:39:03 [INFO] - Run mode compare
2026-02-12 16:39:05 [INFO] - Completed Analyze
2026-02-12 16:39:45 [INFO] - Now you are master chef
2026-02-12 16:42:22 [INFO] - Start Application
2026-02-12 16:42:33 [INFO] - Start Application
2026-02-12 17:59:39 [INFO] - Start Application
2026-02-13 08:24:32 [INFO] - Start Application
2026-02-13 08:24:51 [INFO] - Start analysis
2026-02-13 08:24:51 [INFO] - Draw by station_id
2026-02-13 08:24:51 [INFO] - Run mode compare
2026-02-13 08:24:55 [INFO] - Completed Analyze
2026-02-13 08:25:13 [INFO] - Start analysis
2026-02-13 08:25:13 [INFO] - Draw by station_id
2026-02-13 08:25:14 [INFO] - Run mode correlation
2026-02-13 08:25:21 [INFO] - Completed Analyze
2026-02-13 08:26:19 [INFO] - Start analysis
2026-02-13 08:26:19 [INFO] - Draw by station_id
2026-02-13 08:26:19 [INFO] - Run mode correlation
2026-02-13 08:26:27 [INFO] - Completed Analyze
2026-02-13 08:28:55 [INFO] - Start Application
2026-02-13 08:29:07 [INFO] - Start analysis
2026-02-13 08:29:07 [INFO] - Draw by station_id
2026-02-13 08:29:08 [INFO] - Run mode compare
2026-02-13 08:29:12 [INFO] - Completed Analyze
2026-02-13 08:30:35 [INFO] - Start analysis
2026-02-13 08:30:35 [INFO] - Draw by station_id
2026-02-13 08:30:35 [INFO] - Run mode correlation
2026-02-13 08:30:43 [INFO] - Completed Analyze
2026-02-18 17:23:54 [INFO] - Start Application
2026-02-18 17:24:42 [INFO] - Start analysis
2026-02-18 17:24:42 [INFO] - Draw by station_id
2026-02-18 17:24:45 [INFO] - Start analysis
2026-02-18 17:24:45 [INFO] - Draw by station_id
2026-02-23 14:17:04 [INFO] - Start Application
2026-02-23 14:22:53 [INFO] - Start Application
2026-02-23 14:54:20 [INFO] - Start Application
2026-02-23 14:54:35 [INFO] - Start analysis
2026-02-23 14:54:35 [INFO] - Draw by station_id
2026-02-23 14:54:36 [INFO] - Run mode compare
2026-02-23 14:54:38 [INFO] - Completed Analyze
2026-02-23 15:01:12 [INFO] - Start Application
2026-02-23 15:01:22 [INFO] - Start analysis
2026-02-23 15:01:22 [INFO] - Draw by station_id
2026-02-23 15:01:22 [INFO] - Run mode compare
2026-02-23 15:01:25 [INFO] - Completed Analyze
2026-02-23 15:11:03 [INFO] - Start Application
2026-02-23 15:11:11 [INFO] - Start analysis
2026-02-23 15:11:11 [INFO] - Draw by station_id
2026-02-23 15:11:11 [INFO] - Run mode compare
2026-02-23 15:11:14 [INFO] - Completed Analyze
2026-02-23 15:13:53 [INFO] - Run mode compare
2026-02-23 15:13:57 [INFO] - Completed Analyze
2026-02-23 15:24:54 [INFO] - Start Application
2026-02-23 15:27:30 [INFO] - Start Application
2026-02-23 15:28:29 [INFO] - Start Application
2026-02-23 15:31:15 [INFO] - Start Application
2026-02-23 15:32:30 [INFO] - Start Application
2026-02-23 15:33:41 [INFO] - Start Application
2026-02-23 15:35:12 [INFO] - Start Application
2026-02-23 15:36:04 [INFO] - Start Application
2026-02-23 15:40:28 [INFO] - Start Application
2026-02-23 15:50:17 [INFO] - Start Application
2026-02-23 15:51:12 [INFO] - Start Application
2026-02-23 15:52:57 [INFO] - Start Application
2026-02-23 15:54:54 [INFO] - Start Application
2026-02-23 15:56:53 [INFO] - Start Application
2026-02-23 15:59:04 [INFO] - Start Application
2026-02-23 15:59:17 [INFO] - Now you are master chef
2026-02-23 16:01:00 [INFO] - Start Application
2026-02-23 16:01:34 [INFO] - Start analysis
2026-02-23 16:01:34 [INFO] - Draw by dut_id
2026-02-23 16:02:15 [INFO] - Start Application
2026-02-23 16:07:33 [INFO] - Start Application
2026-02-23 16:07:49 [INFO] - Start analysis
2026-02-23 16:07:49 [INFO] - Draw by station_id
2026-02-23 16:07:49 [INFO] - Run mode compare
2026-02-23 16:07:52 [INFO] - Completed Analyze
2026-02-23 16:08:39 [INFO] - Run mode compare
2026-02-23 16:08:59 [INFO] - Run mode compare
2026-02-23 16:09:11 [INFO] - Run mode compare
2026-02-23 16:09:27 [INFO] - Run mode compare
2026-02-23 16:09:45 [INFO] - Run mode compare
2026-02-23 16:09:48 [INFO] - Completed Analyze
2026-02-23 16:10:43 [INFO] - Start analysis
2026-02-23 16:10:43 [INFO] - Draw by station_id
2026-02-23 16:10:43 [INFO] - Run mode correlation
2026-02-23 16:11:11 [INFO] - Start analysis
2026-02-23 16:11:11 [INFO] - Draw by station_id
2026-02-23 16:11:11 [INFO] - Run mode correlation
2026-02-23 16:11:14 [INFO] - Start analysis
2026-02-23 16:11:14 [INFO] - Draw by station_id
2026-02-23 16:11:14 [INFO] - Run mode correlation
2026-02-23 16:12:03 [INFO] - Start analysis
2026-02-23 16:12:03 [INFO] - Draw by station_id
2026-02-23 16:12:03 [INFO] - Run mode correlation
2026-02-23 16:12:22 [INFO] - Start Application
2026-02-23 16:12:43 [INFO] - Start analysis
2026-02-23 16:12:43 [INFO] - Draw by station_id
2026-02-23 16:12:43 [INFO] - Run mode compare
2026-02-23 16:13:13 [INFO] - Start analysis
2026-02-23 16:13:13 [INFO] - Draw by station_id
2026-02-23 16:13:14 [INFO] - Run mode compare
2026-02-23 16:13:17 [INFO] - Completed Analyze
2026-02-23 16:13:23 [INFO] - Start analysis
2026-02-23 16:13:23 [INFO] - Draw by station_id
2026-02-23 16:13:23 [INFO] - Run mode correlation
2026-02-23 16:14:05 [INFO] - Start Application
2026-02-23 16:14:17 [INFO] - Start analysis
2026-02-23 16:14:17 [INFO] - Draw by station_id
2026-02-23 16:14:17 [INFO] - Run mode correlation
2026-02-23 16:14:28 [INFO] - Start analysis
2026-02-23 16:14:28 [INFO] - Draw by station_id
2026-02-23 16:14:28 [INFO] - Run mode correlation
2026-02-23 16:14:34 [INFO] - Completed Analyze
2026-02-23 16:20:37 [INFO] - Start Application
2026-02-23 16:22:18 [INFO] - Start Application
